// Vitest Snapshot v1, https://vitest.dev/guide/snapshot.html

exports[`reactionStamp削除APIを叩いて、正常に処理が実行できる。 1`] = `
{
  "data": "success",
  "ok": true,
}
`;

exports[`reactionStamp取得APIを叩いて、正常に値が取得できる。 1`] = `
{
  "ReactedStamp": {
    "id": 18,
    "stamp_id": 1,
  },
  "ReactionStampSummary": [
    {
      "StampId": 1,
      "Total": 40,
    },
    {
      "StampId": 2,
      "Total": 7,
    },
    {
      "StampId": 3,
      "Total": 0,
    },
    {
      "StampId": 4,
      "Total": 1,
    },
    {
      "StampId": 5,
      "Total": 0,
    },
    {
      "StampId": 6,
      "Total": 0,
    },
  ],
}
`;

exports[`reactionStamp追加APIを叩いて、正常に値が取得できる。 1`] = `
{
  "ID": 68,
  "StampId": 2,
}
`;
