// Vitest Snapshot v1, https://vitest.dev/guide/snapshot.html

exports[`getAllBlogsで正常に値が取得できる 1`] = `
{
  "json": [MockFunction spy] {
    "calls": [
      [],
    ],
    "results": [
      {
        "type": "return",
        "value": Promise {},
      },
    ],
  },
  "ok": true,
  "status": 200,
}
`;
